This is pdfTeX, Version 3.141592653-2.6-1.40.26 (TeX Live 2024) (preloaded format=pdflatex 2024.11.20)  23 DEC 2024 08:06
entering extended mode
 restricted \write18 enabled.
 %&-line parsing enabled.
**thesis.tex
(./thesis.tex
LaTeX2e <2024-11-01>
L3 programming layer <2024-11-02>
(/usr/local/texlive/2024/texmf-dist/tex/latex/base/report.cls
Document Class: report 2024/06/29 v1.4n Standard LaTeX document class
(/usr/local/texlive/2024/texmf-dist/tex/latex/base/size12.clo
File: size12.clo 2024/06/29 v1.4n Standard LaTeX file (size option)
)
\c@part=\count196
\c@chapter=\count197
\c@section=\count198
\c@subsection=\count199
\c@subsubsection=\count266
\c@paragraph=\count267
\c@subparagraph=\count268
\c@figure=\count269
\c@table=\count270
\abovecaptionskip=\skip49
\belowcaptionskip=\skip50
\bibindent=\dimen141
)
(./config/if-itb-thesis.sty
(/usr/local/texlive/2024/texmf-dist/tex/latex/geometry/geometry.sty
Package: geometry 2020/01/02 v5.9 Page Geometry

(/usr/local/texlive/2024/texmf-dist/tex/latex/graphics/keyval.sty
Package: keyval 2022/05/29 v1.15 key=value parser (DPC)
\KV@toks@=\toks17
)
(/usr/local/texlive/2024/texmf-dist/tex/generic/iftex/ifvtex.sty
Package: ifvtex 2019/10/25 v1.7 ifvtex legacy package. Use iftex instead.

(/usr/local/texlive/2024/texmf-dist/tex/generic/iftex/iftex.sty
Package: iftex 2022/02/03 v1.0f TeX engine tests
))
\Gm@cnth=\count271
\Gm@cntv=\count272
\c@Gm@tempcnt=\count273
\Gm@bindingoffset=\dimen142
\Gm@wd@mp=\dimen143
\Gm@odd@mp=\dimen144
\Gm@even@mp=\dimen145
\Gm@layoutwidth=\dimen146
\Gm@layoutheight=\dimen147
\Gm@layouthoffset=\dimen148
\Gm@layoutvoffset=\dimen149
\Gm@dimlist=\toks18
)
(/usr/local/texlive/2024/texmf-dist/tex/latex/base/fontenc.sty
Package: fontenc 2021/04/29 v2.0v Standard LaTeX package
)
(/usr/local/texlive/2024/texmf-dist/tex/latex/lm/lmodern.sty
Package: lmodern 2015/05/01 v1.6.1 Latin Modern Fonts
LaTeX Font Info:    Overwriting symbol font `operators' in version `normal'
(Font)                  OT1/cmr/m/n --> OT1/lmr/m/n on input line 22.
LaTeX Font Info:    Overwriting symbol font `letters' in version `normal'
(Font)                  OML/cmm/m/it --> OML/lmm/m/it on input line 23.
LaTeX Font Info:    Overwriting symbol font `symbols' in version `normal'
(Font)                  OMS/cmsy/m/n --> OMS/lmsy/m/n on input line 24.
LaTeX Font Info:    Overwriting symbol font `largesymbols' in version `normal'
(Font)                  OMX/cmex/m/n --> OMX/lmex/m/n on input line 25.
LaTeX Font Info:    Overwriting symbol font `operators' in version `bold'
(Font)                  OT1/cmr/bx/n --> OT1/lmr/bx/n on input line 26.
LaTeX Font Info:    Overwriting symbol font `letters' in version `bold'
(Font)                  OML/cmm/b/it --> OML/lmm/b/it on input line 27.
LaTeX Font Info:    Overwriting symbol font `symbols' in version `bold'
(Font)                  OMS/cmsy/b/n --> OMS/lmsy/b/n on input line 28.
LaTeX Font Info:    Overwriting symbol font `largesymbols' in version `bold'
(Font)                  OMX/cmex/m/n --> OMX/lmex/m/n on input line 29.
LaTeX Font Info:    Overwriting math alphabet `\mathbf' in version `normal'
(Font)                  OT1/cmr/bx/n --> OT1/lmr/bx/n on input line 31.
LaTeX Font Info:    Overwriting math alphabet `\mathsf' in version `normal'
(Font)                  OT1/cmss/m/n --> OT1/lmss/m/n on input line 32.
LaTeX Font Info:    Overwriting math alphabet `\mathit' in version `normal'
(Font)                  OT1/cmr/m/it --> OT1/lmr/m/it on input line 33.
LaTeX Font Info:    Overwriting math alphabet `\mathtt' in version `normal'
(Font)                  OT1/cmtt/m/n --> OT1/lmtt/m/n on input line 34.
LaTeX Font Info:    Overwriting math alphabet `\mathbf' in version `bold'
(Font)                  OT1/cmr/bx/n --> OT1/lmr/bx/n on input line 35.
LaTeX Font Info:    Overwriting math alphabet `\mathsf' in version `bold'
(Font)                  OT1/cmss/bx/n --> OT1/lmss/bx/n on input line 36.
LaTeX Font Info:    Overwriting math alphabet `\mathit' in version `bold'
(Font)                  OT1/cmr/bx/it --> OT1/lmr/bx/it on input line 37.
LaTeX Font Info:    Overwriting math alphabet `\mathtt' in version `bold'
(Font)                  OT1/cmtt/m/n --> OT1/lmtt/m/n on input line 38.
)
(/usr/local/texlive/2024/texmf-dist/tex/latex/float/float.sty
Package: float 2001/11/08 v1.3d Float enhancements (AL)
\c@float@type=\count274
\float@exts=\toks19
\float@box=\box52
\@float@everytoks=\toks20
\@floatcapt=\box53
)
(/usr/local/texlive/2024/texmf-dist/tex/latex/base/inputenc.sty
Package: inputenc 2024/02/08 v1.3d Input encoding file
\inpenc@prehook=\toks21
\inpenc@posthook=\toks22
)
(/usr/local/texlive/2024/texmf-dist/tex/generic/babel/babel.sty
Package: babel 2024/11/08 v24.13 The multilingual framework for pdfLaTeX, LuaLa
TeX and XeLaTeX
\babel@savecnt=\count275
\U@D=\dimen150
\l@unhyphenated=\language89

(/usr/local/texlive/2024/texmf-dist/tex/generic/babel/txtbabel.def)
\bbl@readstream=\read2
\bbl@dirlevel=\count276

(/usr/local/texlive/2024/texmf-dist/tex/generic/babel-indonesian/indonesian.ldf
Language: indonesian 2017/02/15 v1.0m Bahasa Indonesia support from the babel s
ystem
))
(/usr/local/texlive/2024/texmf-dist/tex/generic/babel/locale/id/babel-indonesia
n.tex
Package babel Info: Importing font and identification data for indonesian
(babel)             from babel-id.ini. Reported on input line 11.
) (/usr/local/texlive/2024/texmf-dist/tex/latex/csquotes/csquotes.sty
Package: csquotes 2024-04-04 v5.2o context-sensitive quotations (JAW)

(/usr/local/texlive/2024/texmf-dist/tex/latex/etoolbox/etoolbox.sty
Package: etoolbox 2020/10/05 v2.5k e-TeX tools for LaTeX (JAW)
\etb@tempcnta=\count277
)
\csq@reset=\count278
\csq@gtype=\count279
\csq@glevel=\count280
\csq@qlevel=\count281
\csq@maxlvl=\count282
\csq@tshold=\count283
\csq@ltx@everypar=\toks23

(/usr/local/texlive/2024/texmf-dist/tex/latex/csquotes/csquotes.def
File: csquotes.def 2024-04-04 v5.2o csquotes generic definitions (JAW)
)
Package csquotes Info: Trying to load configuration file 'csquotes.cfg'...
Package csquotes Info: ... configuration file loaded successfully.

(/usr/local/texlive/2024/texmf-dist/tex/latex/csquotes/csquotes.cfg
File: csquotes.cfg 
))
(/usr/local/texlive/2024/texmf-dist/tex/latex/amsmath/amsmath.sty
Package: amsmath 2024/11/05 v2.17t AMS math features
\@mathmargin=\skip51

For additional information on amsmath, use the `?' option.
(/usr/local/texlive/2024/texmf-dist/tex/latex/amsmath/amstext.sty
Package: amstext 2021/08/26 v2.01 AMS text

(/usr/local/texlive/2024/texmf-dist/tex/latex/amsmath/amsgen.sty
File: amsgen.sty 1999/11/30 v2.0 generic functions
\@emptytoks=\toks24
\ex@=\dimen151
))
(/usr/local/texlive/2024/texmf-dist/tex/latex/amsmath/amsbsy.sty
Package: amsbsy 1999/11/29 v1.2d Bold Symbols
\pmbraise@=\dimen152
)
(/usr/local/texlive/2024/texmf-dist/tex/latex/amsmath/amsopn.sty
Package: amsopn 2022/04/08 v2.04 operator names
)
\inf@bad=\count284
LaTeX Info: Redefining \frac on input line 233.
\uproot@=\count285
\leftroot@=\count286
LaTeX Info: Redefining \overline on input line 398.
LaTeX Info: Redefining \colon on input line 409.
\classnum@=\count287
\DOTSCASE@=\count288
LaTeX Info: Redefining \ldots on input line 495.
LaTeX Info: Redefining \dots on input line 498.
LaTeX Info: Redefining \cdots on input line 619.
\Mathstrutbox@=\box54
\strutbox@=\box55
LaTeX Info: Redefining \big on input line 721.
LaTeX Info: Redefining \Big on input line 722.
LaTeX Info: Redefining \bigg on input line 723.
LaTeX Info: Redefining \Bigg on input line 724.
\big@size=\dimen153
LaTeX Font Info:    Redeclaring font encoding OML on input line 742.
LaTeX Font Info:    Redeclaring font encoding OMS on input line 743.
\macc@depth=\count289
LaTeX Info: Redefining \bmod on input line 904.
LaTeX Info: Redefining \pmod on input line 909.
LaTeX Info: Redefining \smash on input line 939.
LaTeX Info: Redefining \relbar on input line 969.
LaTeX Info: Redefining \Relbar on input line 970.
\c@MaxMatrixCols=\count290
\dotsspace@=\muskip17
\c@parentequation=\count291
\dspbrk@lvl=\count292
\tag@help=\toks25
\row@=\count293
\column@=\count294
\maxfields@=\count295
\andhelp@=\toks26
\eqnshift@=\dimen154
\alignsep@=\dimen155
\tagshift@=\dimen156
\tagwidth@=\dimen157
\totwidth@=\dimen158
\lineht@=\dimen159
\@envbody=\toks27
\multlinegap=\skip52
\multlinetaggap=\skip53
\mathdisplay@stack=\toks28
LaTeX Info: Redefining \[ on input line 2953.
LaTeX Info: Redefining \] on input line 2954.
)
(/usr/local/texlive/2024/texmf-dist/tex/latex/tools/longtable.sty
Package: longtable 2024-10-27 v4.22 Multi-page Table package (DPC)
\LTleft=\skip54
\LTright=\skip55
\LTpre=\skip56
\LTpost=\skip57
\LTchunksize=\count296
\LTcapwidth=\dimen160
\LT@head=\box56
\LT@firsthead=\box57
\LT@foot=\box58
\LT@lastfoot=\box59
\LT@gbox=\box60
\LT@cols=\count297
\LT@rows=\count298
\c@LT@tables=\count299
\c@LT@chunks=\count300
\LT@p@ftn=\toks29
)
(/usr/local/texlive/2024/texmf-dist/tex/latex/tools/array.sty
Package: array 2024/10/17 v2.6g Tabular extension package (FMi)
\col@sep=\dimen161
\ar@mcellbox=\box61
\extrarowheight=\dimen162
\NC@list=\toks30
\extratabsurround=\skip58
\backup@length=\skip59
\ar@cellbox=\box62
)
(/usr/local/texlive/2024/texmf-dist/tex/latex/enumitem/enumitem.sty
Package: enumitem 2019/06/20 v3.9 Customized lists
\labelindent=\skip60
\enit@outerparindent=\dimen163
\enit@toks=\toks31
\enit@inbox=\box63
\enit@count@id=\count301
\enitdp@description=\count302
)
Package csquotes Info: Allocating character ".

(/usr/local/texlive/2024/texmf-dist/tex/latex/biblatex-chicago/biblatex-chicago
.sty
Package: biblatex-chicago 2022/07/02 v 3.18 biblatex style
 (/usr/local/texlive/2024/texmf-dist/tex/latex/hyperref/nameref.sty
Package: nameref 2023-11-26 v2.56 Cross-referencing by name of section

(/usr/local/texlive/2024/texmf-dist/tex/latex/refcount/refcount.sty
Package: refcount 2019/12/15 v3.6 Data extraction from label references (HO)

(/usr/local/texlive/2024/texmf-dist/tex/generic/ltxcmds/ltxcmds.sty
Package: ltxcmds 2023-12-04 v1.26 LaTeX kernel commands for general use (HO)
)
(/usr/local/texlive/2024/texmf-dist/tex/generic/infwarerr/infwarerr.sty
Package: infwarerr 2019/12/03 v1.5 Providing info/warning/error messages (HO)
))
(/usr/local/texlive/2024/texmf-dist/tex/generic/gettitlestring/gettitlestring.s
ty
Package: gettitlestring 2019/12/15 v1.6 Cleanup title references (HO)
 (/usr/local/texlive/2024/texmf-dist/tex/latex/kvoptions/kvoptions.sty
Package: kvoptions 2022-06-15 v3.15 Key value format for package options (HO)

(/usr/local/texlive/2024/texmf-dist/tex/latex/kvsetkeys/kvsetkeys.sty
Package: kvsetkeys 2022-10-05 v1.19 Key value parser (HO)
)))
\c@section@level=\count303
)
(/usr/local/texlive/2024/texmf-dist/tex/generic/xstring/xstring.sty
(/usr/local/texlive/2024/texmf-dist/tex/generic/xstring/xstring.tex
\xs_counta=\count304
\xs_countb=\count305
)
Package: xstring 2023/08/22 v1.86 String manipulations (CT)
)
(/usr/local/texlive/2024/texmf-dist/tex/latex/biblatex/biblatex.sty
Package: biblatex 2024/03/21 v3.20 programmable bibliographies (PK/MW)

(/usr/local/texlive/2024/texmf-dist/tex/generic/pdftexcmds/pdftexcmds.sty
Package: pdftexcmds 2020-06-27 v0.33 Utility functions of pdfTeX for LuaTeX (HO
)
Package pdftexcmds Info: \pdf@primitive is available.
Package pdftexcmds Info: \pdf@ifprimitive is available.
Package pdftexcmds Info: \pdfdraftmode found.
)
(/usr/local/texlive/2024/texmf-dist/tex/latex/logreq/logreq.sty
Package: logreq 2010/08/04 v1.0 xml request logger
\lrq@indent=\count306

(/usr/local/texlive/2024/texmf-dist/tex/latex/logreq/logreq.def
File: logreq.def 2010/08/04 v1.0 logreq spec v1.0
))
(/usr/local/texlive/2024/texmf-dist/tex/latex/base/ifthen.sty
Package: ifthen 2024/03/16 v1.1e Standard LaTeX ifthen package (DPC)
)
(/usr/local/texlive/2024/texmf-dist/tex/latex/url/url.sty
\Urlmuskip=\muskip18
Package: url 2013/09/16  ver 3.4  Verb mode for urls, etc.
)
\c@tabx@nest=\count307
\c@listtotal=\count308
\c@listcount=\count309
\c@liststart=\count310
\c@liststop=\count311
\c@citecount=\count312
\c@citetotal=\count313
\c@multicitecount=\count314
\c@multicitetotal=\count315
\c@instcount=\count316
\c@maxnames=\count317
\c@minnames=\count318
\c@maxitems=\count319
\c@minitems=\count320
\c@citecounter=\count321
\c@maxcitecounter=\count322
\c@savedcitecounter=\count323
\c@uniquelist=\count324
\c@uniquename=\count325
\c@refsection=\count326
\c@refsegment=\count327
\c@maxextratitle=\count328
\c@maxextratitleyear=\count329
\c@maxextraname=\count330
\c@maxextradate=\count331
\c@maxextraalpha=\count332
\c@abbrvpenalty=\count333
\c@highnamepenalty=\count334
\c@lownamepenalty=\count335
\c@maxparens=\count336
\c@parenlevel=\count337
\blx@tempcnta=\count338
\blx@tempcntb=\count339
\blx@tempcntc=\count340
\c@blx@maxsection=\count341
\blx@maxsegment@0=\count342
\blx@notetype=\count343
\blx@parenlevel@text=\count344
\blx@parenlevel@foot=\count345
\blx@sectionciteorder@0=\count346
\blx@sectionciteorderinternal@0=\count347
\blx@entrysetcounter=\count348
\blx@biblioinstance=\count349
\labelnumberwidth=\skip61
\labelalphawidth=\skip62
\biblabelsep=\skip63
\bibitemsep=\skip64
\bibnamesep=\skip65
\bibinitsep=\skip66
\bibparsep=\skip67
\bibhang=\skip68
\blx@bcfin=\read3
\blx@bcfout=\write3
\blx@langwohyphens=\language90
\c@mincomprange=\count350
\c@maxcomprange=\count351
\c@mincompwidth=\count352
Package biblatex Info: Trying to load biblatex default data model...
Package biblatex Info: ... file 'blx-dm.def' found.

(/usr/local/texlive/2024/texmf-dist/tex/latex/biblatex/blx-dm.def
File: blx-dm.def 2024/03/21 v3.20 biblatex datamodel (PK/MW)
)
Package biblatex Info: Trying to load biblatex style data model...
Package biblatex Info: ... file 'chicago-authordate.dbx' not found.
Package biblatex Info: Trying to load biblatex custom data model...
Package biblatex Info: ... file 'biblatex-dm.cfg' not found.
\c@afterword=\count353
\c@savedafterword=\count354
\c@annotator=\count355
\c@savedannotator=\count356
\c@author=\count357
\c@savedauthor=\count358
\c@bookauthor=\count359
\c@savedbookauthor=\count360
\c@commentator=\count361
\c@savedcommentator=\count362
\c@editor=\count363
\c@savededitor=\count364
\c@editora=\count365
\c@savededitora=\count366
\c@editorb=\count367
\c@savededitorb=\count368
\c@editorc=\count369
\c@savededitorc=\count370
\c@foreword=\count371
\c@savedforeword=\count372
\c@holder=\count373
\c@savedholder=\count374
\c@introduction=\count375
\c@savedintroduction=\count376
\c@namea=\count377
\c@savednamea=\count378
\c@nameb=\count379
\c@savednameb=\count380
\c@namec=\count381
\c@savednamec=\count382
\c@translator=\count383
\c@savedtranslator=\count384
\c@shortauthor=\count385
\c@savedshortauthor=\count386
\c@shorteditor=\count387
\c@savedshorteditor=\count388
\c@labelname=\count389
\c@savedlabelname=\count390
\c@institution=\count391
\c@savedinstitution=\count392
\c@lista=\count393
\c@savedlista=\count394
\c@listb=\count395
\c@savedlistb=\count396
\c@listc=\count397
\c@savedlistc=\count398
\c@listd=\count399
\c@savedlistd=\count400
\c@liste=\count401
\c@savedliste=\count402
\c@listf=\count403
\c@savedlistf=\count404
\c@location=\count405
\c@savedlocation=\count406
\c@organization=\count407
\c@savedorganization=\count408
\c@origlocation=\count409
\c@savedoriglocation=\count410
\c@origpublisher=\count411
\c@savedorigpublisher=\count412
\c@publisher=\count413
\c@savedpublisher=\count414
\c@language=\count415
\c@savedlanguage=\count416
\c@origlanguage=\count417
\c@savedoriglanguage=\count418
\c@pageref=\count419
\c@savedpageref=\count420
\shorthandwidth=\skip69
\shortjournalwidth=\skip70
\shortserieswidth=\skip71
\shorttitlewidth=\skip72
\shortauthorwidth=\skip73
\shorteditorwidth=\skip74
\locallabelnumberwidth=\skip75
\locallabelalphawidth=\skip76
\localshorthandwidth=\skip77
\localshortjournalwidth=\skip78
\localshortserieswidth=\skip79
\localshorttitlewidth=\skip80
\localshortauthorwidth=\skip81
\localshorteditorwidth=\skip82
Package biblatex Info: Trying to load compatibility code...
Package biblatex Info: ... file 'blx-compat.def' found.

(/usr/local/texlive/2024/texmf-dist/tex/latex/biblatex/blx-compat.def
File: blx-compat.def 2024/03/21 v3.20 biblatex compatibility (PK/MW)
)
Package biblatex Info: Trying to load generic definitions...
Package biblatex Info: ... file 'biblatex.def' found.

(/usr/local/texlive/2024/texmf-dist/tex/latex/biblatex/biblatex.def
File: biblatex.def 2024/03/21 v3.20 biblatex compatibility (PK/MW)
\c@textcitecount=\count421
\c@textcitetotal=\count422
\c@textcitemaxnames=\count423
\c@biburlbigbreakpenalty=\count424
\c@biburlbreakpenalty=\count425
\c@biburlnumpenalty=\count426
\c@biburlucpenalty=\count427
\c@biburllcpenalty=\count428
\biburlbigskip=\muskip19
\biburlnumskip=\muskip20
\biburlucskip=\muskip21
\biburllcskip=\muskip22
\c@smartand=\count429
)
Package biblatex Info: Trying to load bibliography style 'chicago-authordate'..
.
Package biblatex Info: ... file 'chicago-authordate.bbx' found.

(/usr/local/texlive/2024/texmf-dist/tex/latex/biblatex-chicago/chicago-authorda
te.bbx
File: chicago-authordate.bbx 2022/11/17 v 3.18b biblatex bibliography style
\lositemsep=\skip83
Package biblatex Info: Delimiter 'revsdnamedelim' in context '' already defined
, overwriting.
\cms@tempcnta=\count430
\cms@tempcntb=\count431
\c@bbx:relatedcount=\count432
\c@bbx:relatedtotal=\count433
)
Package biblatex Info: Trying to load citation style 'chicago-authordate'...
Package biblatex Info: ... file 'chicago-authordate.cbx' found.

(/usr/local/texlive/2024/texmf-dist/tex/latex/biblatex-chicago/chicago-authorda
te.cbx
File: chicago-authordate.cbx 2022/07/02 v 3.18 biblatex citation style
Package biblatex Info: Trying to load citation style 'chicago-dates-common'...
Package biblatex Info: ... file 'chicago-dates-common.cbx' found.

(/usr/local/texlive/2024/texmf-dist/tex/latex/biblatex-chicago/chicago-dates-co
mmon.cbx
File: chicago-dates-common.cbx 2024/04/15 v 3.20 biblatex citation style
Package biblatex Info: Redefining '\cite'.
Package biblatex Info: Redefining '\parencite'.
Package biblatex Info: Redefining '\footcite'.
Package biblatex Info: Redefining '\footcitetext'.
Package biblatex Info: Redefining '\citetitle'.
Package biblatex Info: Redefining '\footfullcite'.
Package biblatex Info: Redefining '\fullcite'.
Package biblatex Info: Redefining '\textcite'.
Package biblatex Info: Redefining '\textcites'.
Package biblatex Info: Redefining '\cites'.
Package biblatex Info: Redefining '\parencites'.
Package biblatex Info: Redefining '\footcites'.
Package biblatex Info: Redefining '\footcitetexts'.
\c@cms@punct=\count434
Package biblatex Info: Delimiter 'dateeradelim' in context '' already defined, 
overwriting.
))
Package biblatex Info: Trying to load configuration file...
Package biblatex Info: ... file 'biblatex.cfg' found.
 (/usr/local/texlive/2024/texmf-dist/tex/latex/biblatex/biblatex.cfg
File: biblatex.cfg 
)
Package biblatex Info: Input encoding 'utf8' detected.
Package biblatex Info: Document encoding is UTF8 ....
(/usr/local/texlive/2024/texmf-dist/tex/latex/l3kernel/expl3.sty
Package: expl3 2024-11-02 L3 programming layer (loader) 

(/usr/local/texlive/2024/texmf-dist/tex/latex/l3backend/l3backend-pdftex.def
File: l3backend-pdftex.def 2024-05-08 L3 backend support: PDF output (pdfTeX)
\l__color_backend_stack_int=\count435
\l__pdf_internal_box=\box64
))
Package biblatex Info: ... and expl3
(biblatex)             2024-11-02 L3 programming layer (loader) 
(biblatex)             is new enough (at least 2020/04/06),
(biblatex)             setting 'casechanger=expl3'.

(/usr/local/texlive/2024/texmf-dist/tex/latex/biblatex/blx-case-expl3.sty
(/usr/local/texlive/2024/texmf-dist/tex/latex/l3packages/xparse/xparse.sty
Package: xparse 2024-08-16 L3 Experimental document command parser
)
Package: blx-case-expl3 2024/03/21 v3.20 expl3 case changing code for biblatex
)))
(/usr/local/texlive/2024/texmf-dist/tex/latex/graphics/graphicx.sty
Package: graphicx 2021/09/16 v1.2d Enhanced LaTeX Graphics (DPC,SPQR)

(/usr/local/texlive/2024/texmf-dist/tex/latex/graphics/graphics.sty
Package: graphics 2024/08/06 v1.4g Standard LaTeX Graphics (DPC,SPQR)

(/usr/local/texlive/2024/texmf-dist/tex/latex/graphics/trig.sty
Package: trig 2023/12/02 v1.11 sin cos tan (DPC)
)
(/usr/local/texlive/2024/texmf-dist/tex/latex/graphics-cfg/graphics.cfg
File: graphics.cfg 2016/06/04 v1.11 sample graphics configuration
)
Package graphics Info: Driver file: pdftex.def on input line 106.

(/usr/local/texlive/2024/texmf-dist/tex/latex/graphics-def/pdftex.def
File: pdftex.def 2024/04/13 v1.2c Graphics/color driver for pdftex
))
\Gin@req@height=\dimen164
\Gin@req@width=\dimen165
)
(/usr/local/texlive/2024/texmf-dist/tex/latex/titling/titling.sty
Package: titling 2009/09/04 v2.1d maketitle typesetting
\thanksmarkwidth=\skip84
\thanksmargin=\skip85
\droptitle=\skip86
)
(/usr/local/texlive/2024/texmf-dist/tex/latex/blindtext/blindtext.sty
Package: blindtext 2012/01/06 V2.0 blindtext-Package

(/usr/local/texlive/2024/texmf-dist/tex/latex/tools/xspace.sty
Package: xspace 2014/10/28 v1.13 Space after command names (DPC,MH)
)
\c@blindtext=\count436
\c@Blindtext=\count437
\c@blind@countparstart=\count438
\blind@countxx=\count439
\blindtext@numBlindtext=\count440
\blind@countyy=\count441
\c@blindlist=\count442
\c@blindlistlevel=\count443
\c@blindlist@level=\count444
\blind@listitem=\count445
\c@blind@listcount=\count446
\c@blind@levelcount=\count447
\blind@mathformula=\count448
\blind@Mathformula=\count449
\c@blind@randomcount=\count450
\c@blind@randommax=\count451
\c@blind@pangramcount=\count452
\c@blind@pangrammax=\count453
)
(/usr/local/texlive/2024/texmf-dist/tex/latex/sectsty/sectsty.sty
Package: sectsty 2002/02/25 v2.0.2 Commands to change all sectional heading sty
les


LaTeX Warning: Command \underbar  has changed.
               Check if current package is valid.


LaTeX Warning: Command \underline  has changed.
               Check if current package is valid.

) (/usr/local/texlive/2024/texmf-dist/tex/latex/chngcntr/chngcntr.sty
Package: chngcntr 2018/04/09 v1.1a change counter resetting
Package chngcntr Info: \counterwithout already defined.
(chngcntr)             Quitting chngcntr on input line 21.
)
(/usr/local/texlive/2024/texmf-dist/tex/latex/hyperref/hyperref.sty
Package: hyperref 2024-11-05 v7.01l Hypertext links for LaTeX

(/usr/local/texlive/2024/texmf-dist/tex/generic/kvdefinekeys/kvdefinekeys.sty
Package: kvdefinekeys 2019-12-19 v1.6 Define keys (HO)
)
(/usr/local/texlive/2024/texmf-dist/tex/generic/pdfescape/pdfescape.sty
Package: pdfescape 2019/12/09 v1.15 Implements pdfTeX's escape features (HO)
)
(/usr/local/texlive/2024/texmf-dist/tex/latex/hycolor/hycolor.sty
Package: hycolor 2020-01-27 v1.10 Color options for hyperref/bookmark (HO)
)
(/usr/local/texlive/2024/texmf-dist/tex/generic/stringenc/stringenc.sty
Package: stringenc 2019/11/29 v1.12 Convert strings between diff. encodings (HO
)
)
\@linkdim=\dimen166
\Hy@linkcounter=\count454
\Hy@pagecounter=\count455

(/usr/local/texlive/2024/texmf-dist/tex/latex/hyperref/pd1enc.def
File: pd1enc.def 2024-11-05 v7.01l Hyperref: PDFDocEncoding definition (HO)
Now handling font encoding PD1 ...
... no UTF-8 mapping file for font encoding PD1
)
(/usr/local/texlive/2024/texmf-dist/tex/generic/intcalc/intcalc.sty
Package: intcalc 2019/12/15 v1.3 Expandable calculations with integers (HO)
)
\Hy@SavedSpaceFactor=\count456

(/usr/local/texlive/2024/texmf-dist/tex/latex/hyperref/puenc.def
File: puenc.def 2024-11-05 v7.01l Hyperref: PDF Unicode definition (HO)
Now handling font encoding PU ...
... no UTF-8 mapping file for font encoding PU
)
Package hyperref Info: Option `final' set `true' on input line 4040.
Package hyperref Info: Hyper figures OFF on input line 4157.
Package hyperref Info: Link nesting OFF on input line 4162.
Package hyperref Info: Hyper index ON on input line 4165.
Package hyperref Info: Plain pages OFF on input line 4172.
Package hyperref Info: Backreferencing OFF on input line 4177.
Package hyperref Info: Implicit mode ON; LaTeX internals redefined.
Package hyperref Info: Bookmarks ON on input line 4424.
\c@Hy@tempcnt=\count457
LaTeX Info: Redefining \url on input line 4763.
\XeTeXLinkMargin=\dimen167

(/usr/local/texlive/2024/texmf-dist/tex/generic/bitset/bitset.sty
Package: bitset 2019/12/09 v1.3 Handle bit-vector datatype (HO)

(/usr/local/texlive/2024/texmf-dist/tex/generic/bigintcalc/bigintcalc.sty
Package: bigintcalc 2019/12/15 v1.5 Expandable calculations on big integers (HO
)
))
\Fld@menulength=\count458
\Field@Width=\dimen168
\Fld@charsize=\dimen169
Package hyperref Info: Hyper figures OFF on input line 6042.
Package hyperref Info: Link nesting OFF on input line 6047.
Package hyperref Info: Hyper index ON on input line 6050.
Package hyperref Info: backreferencing OFF on input line 6057.
Package hyperref Info: Link coloring OFF on input line 6062.
Package hyperref Info: Link coloring with OCG OFF on input line 6067.
Package hyperref Info: PDF/A mode OFF on input line 6072.

(/usr/local/texlive/2024/texmf-dist/tex/latex/base/atbegshi-ltx.sty
Package: atbegshi-ltx 2021/01/10 v1.0c Emulation of the original atbegshi
package with kernel methods
)
\Hy@abspage=\count459
\c@Item=\count460
\c@Hfootnote=\count461
)
Package hyperref Info: Driver (autodetected): hpdftex.

(/usr/local/texlive/2024/texmf-dist/tex/latex/hyperref/hpdftex.def
File: hpdftex.def 2024-11-05 v7.01l Hyperref driver for pdfTeX

(/usr/local/texlive/2024/texmf-dist/tex/latex/base/atveryend-ltx.sty
Package: atveryend-ltx 2020/08/19 v1.0a Emulation of the original atveryend pac
kage
with kernel methods
)
\Fld@listcount=\count462
\c@bookmark@seq@number=\count463

(/usr/local/texlive/2024/texmf-dist/tex/latex/rerunfilecheck/rerunfilecheck.sty
Package: rerunfilecheck 2022-07-10 v1.10 Rerun checks for auxiliary files (HO)

(/usr/local/texlive/2024/texmf-dist/tex/generic/uniquecounter/uniquecounter.sty
Package: uniquecounter 2019/12/15 v1.4 Provide unlimited unique counter (HO)
)
Package uniquecounter Info: New unique counter `rerunfilecheck' on input line 2
85.
)
\Hy@SectionHShift=\skip87
) (/usr/local/texlive/2024/texmf-dist/tex/latex/titlesec/titlesec.sty
Package: titlesec 2023/10/27 v2.16 Sectioning titles
\ttl@box=\box65
\beforetitleunit=\skip88
\aftertitleunit=\skip89
\ttl@plus=\dimen170
\ttl@minus=\dimen171
\ttl@toksa=\toks32
\titlewidth=\dimen172
\titlewidthlast=\dimen173
\titlewidthfirst=\dimen174
)
(/usr/local/texlive/2024/texmf-dist/tex/latex/parskip/parskip.sty
Package: parskip 2021-03-14 v2.0h non-zero parskip adjustments
)
(/usr/local/texlive/2024/texmf-dist/tex/latex/amsfonts/amssymb.sty
Package: amssymb 2013/01/14 v3.01 AMS font symbols

(/usr/local/texlive/2024/texmf-dist/tex/latex/amsfonts/amsfonts.sty
Package: amsfonts 2013/01/14 v3.01 Basic AMSFonts support
\symAMSa=\mathgroup4
\symAMSb=\mathgroup5
LaTeX Font Info:    Redeclaring math symbol \hbar on input line 98.
LaTeX Font Info:    Overwriting math alphabet `\mathfrak' in version `bold'
(Font)                  U/euf/m/n --> U/euf/b/n on input line 106.
))
(/usr/local/texlive/2024/texmf-dist/tex/latex/newfloat/newfloat.sty
Package: newfloat 2023/10/01 v1.2 Defining new floating environments (AR)
Package newfloat Info: Unsupported document class, or \@chapter 
(newfloat)             was already redefined by another package.
Package newfloat Info: \@chapter = macro:->\def \Hy@next {\Hy@MakeCurrentHrefAu
to {\Hy@chapapp *}\Hy@raisedlink {\hyper@anchorstart {\@currentHref }\hyper@anc
horend }}\ifnum \c@secnumdepth >\m@ne \@ifundefined {if@mainmatter}\iftrue {\cs
name if@mainmatter\endcsname }\let \Hy@next \relax \fi \fi \Hy@next \Hy@org@cha
pter .
Package newfloat Info: \Hy@org@chapter = macro:[#1]#2->\NR@gettitle {#1}\NR@cha
pter [{#1}]{#2}.
Package newfloat Info: \algocf@original@chapter = undefined.
)
Package newfloat Info: New float `equationfloat' with options ` fileext=loe, li
stname={Daftar Persamaan}, name=Persamaan ' on input line 76.
\c@equationfloat=\count464
Package newfloat Info: float type `equationfloat'=4 on input line 76.
)
Package csquotes Info: Checking for multilingual support...
Package csquotes Info: ... found 'babel' package.
Package csquotes Info: Adjusting default style.
Package csquotes Info: Redefining alias 'default' -> 'indonesian'.
LaTeX Font Info:    Trying to load font information for T1+lmr on input line 23
.

(/usr/local/texlive/2024/texmf-dist/tex/latex/lm/t1lmr.fd
File: t1lmr.fd 2015/05/01 v1.6.1 Font defs for Latin Modern
)
(/home/jon/Coding/final-project-sti/build/thesis.aux
(/usr/local/texlive/2024/texmf-dist/tex/generic/babel/locale/en/babel-english.t
ex
Package babel Info: Importing basic data for english
(babel)             from babel-en.ini. Reported on input line 11.
)

LaTeX Warning: Label `fig:diagram-gru' multiply defined.

)
\openout1 = `thesis.aux'.

LaTeX Font Info:    Checking defaults for OML/cmm/m/it on input line 23.
LaTeX Font Info:    ... okay on input line 23.
LaTeX Font Info:    Checking defaults for OMS/cmsy/m/n on input line 23.
LaTeX Font Info:    ... okay on input line 23.
LaTeX Font Info:    Checking defaults for OT1/cmr/m/n on input line 23.
LaTeX Font Info:    ... okay on input line 23.
LaTeX Font Info:    Checking defaults for T1/cmr/m/n on input line 23.
LaTeX Font Info:    ... okay on input line 23.
LaTeX Font Info:    Checking defaults for TS1/cmr/m/n on input line 23.
LaTeX Font Info:    ... okay on input line 23.
LaTeX Font Info:    Checking defaults for OMX/cmex/m/n on input line 23.
LaTeX Font Info:    ... okay on input line 23.
LaTeX Font Info:    Checking defaults for U/cmr/m/n on input line 23.
LaTeX Font Info:    ... okay on input line 23.
LaTeX Font Info:    Checking defaults for PD1/pdf/m/n on input line 23.
LaTeX Font Info:    ... okay on input line 23.
LaTeX Font Info:    Checking defaults for PU/pdf/m/n on input line 23.
LaTeX Font Info:    ... okay on input line 23.

*geometry* driver: auto-detecting
*geometry* detected driver: pdftex
*geometry* verbose mode - [ preamble ] result:
* driver: pdftex
* paper: a4paper
* layout: <same size as paper>
* layoutoffset:(h,v)=(0.0pt,0.0pt)
* modes: 
* h-part:(L,W,R)=(113.81102pt, 412.56497pt, 71.13188pt)
* v-part:(T,H,B)=(85.35826pt, 688.5567pt, 71.13188pt)
* \paperwidth=597.50787pt
* \paperheight=845.04684pt
* \textwidth=412.56497pt
* \textheight=688.5567pt
* \oddsidemargin=41.54103pt
* \evensidemargin=41.54103pt
* \topmargin=-23.91173pt
* \headheight=12.0pt
* \headsep=25.0pt
* \topskip=12.0pt
* \footskip=30.0pt
* \marginparwidth=35.0pt
* \marginparsep=10.0pt
* \columnsep=10.0pt
* \skip\footins=10.8pt plus 4.0pt minus 2.0pt
* \hoffset=0.0pt
* \voffset=0.0pt
* \mag=1000
* \@twocolumnfalse
* \@twosidefalse
* \@mparswitchfalse
* \@reversemarginfalse
* (1in=72.27pt=25.4mm, 1cm=28.453pt)

Package csquotes Info: Making character " active on input line 23.

Package biblatex Warning: File 'indonesian.lbx' not found!
(biblatex)                Ignoring mapping 'indonesian' -> 'indonesian'.

Package biblatex Info: Trying to load language 'indonesian'...
Package biblatex Info: ... file 'indonesian.lbx' not found.

Package biblatex Warning: Language 'indonesian' not supported.
(biblatex)                Using dummy definitions on input line 23.

Package biblatex Info: Trying to load language 'english'...
Package biblatex Info: ... file 'english.lbx' found.
(/usr/local/texlive/2024/texmf-dist/tex/latex/biblatex/lbx/english.lbx
File: english.lbx 2024/03/21 v3.20 biblatex localization (PK/MW)
)
Package biblatex Info: Input encoding 'utf8' detected.
Package biblatex Info: Data encoding 'utf8' specified.
(biblatex)             No need to reencode data.
\openout3 = `thesis.bcf'.

Package biblatex Info: Trying to load bibliographic data...
Package biblatex Info: ... file 'thesis.bbl' found.

(/home/jon/Coding/final-project-sti/build/thesis.bbl

Package biblatex Warning: The following entry could not be found
(biblatex)                in the database:
(biblatex)                Ba2016layernorm
(biblatex)                Please verify the spelling and rerun
(biblatex)                LaTeX afterwards.


Package biblatex Warning: The following entry could not be found
(biblatex)                in the database:
(biblatex)                Breiman2001
(biblatex)                Please verify the spelling and rerun
(biblatex)                LaTeX afterwards.


Package biblatex Warning: The following entry could not be found
(biblatex)                in the database:
(biblatex)                He2016resnet
(biblatex)                Please verify the spelling and rerun
(biblatex)                LaTeX afterwards.


Package biblatex Warning: The following entry could not be found
(biblatex)                in the database:
(biblatex)                Neal2005
(biblatex)                Please verify the spelling and rerun
(biblatex)                LaTeX afterwards.

)
Package biblatex Info: Reference section=0 on input line 23.
Package biblatex Info: Reference segment=0 on input line 23.
 (/usr/local/texlive/2024/texmf-dist/tex/context/base/mkii/supp-pdf.mkii
[Loading MPS to PDF converter (version 2006.09.02).]
\scratchcounter=\count465
\scratchdimen=\dimen175
\scratchbox=\box66
\nofMPsegments=\count466
\nofMParguments=\count467
\everyMPshowfont=\toks33
\MPscratchCnt=\count468
\MPscratchDim=\dimen176
\MPnumerator=\count469
\makeMPintoPDFobject=\count470
\everyMPtoPDFconversion=\toks34
) (/usr/local/texlive/2024/texmf-dist/tex/latex/epstopdf-pkg/epstopdf-base.sty
Package: epstopdf-base 2020-01-24 v2.11 Base part for package epstopdf
Package epstopdf-base Info: Redefining graphics rule for `.eps' on input line 4
85.

(/usr/local/texlive/2024/texmf-dist/tex/latex/latexconfig/epstopdf-sys.cfg
File: epstopdf-sys.cfg 2010/07/13 v1.3 Configuration of (r)epstopdf for TeX Liv
e
))
Package hyperref Info: Link coloring OFF on input line 23.

(/home/jon/Coding/final-project-sti/build/thesis.out)
(/home/jon/Coding/final-project-sti/build/thesis.out)
\@outlinefile=\write4
\openout4 = `thesis.out'.

Package newfloat Info: Trying Plan B...
Package newfloat Info: `float' package detected.
 (./chapters/cover.tex
<resources/cover-ganesha.jpg, id=176, 411.29268pt x 599.89975pt>
File: resources/cover-ganesha.jpg Graphic file (type jpg)
<use resources/cover-ganesha.jpg>
Package pdftex.def Info: resources/cover-ganesha.jpg  used on input line 21.
(pdftex.def)             Requested size: 61.88222pt x 90.25569pt.


[0


Non-PDF special ignored!
<special> papersize=210mm,297mm

{/usr/local/texlive/2024/texmf-var/fonts/map/pdftex/updmap/pdftex.map}{/usr/loc
al/texlive/2024/texmf-dist/fonts/enc/dvips/lm/lm-ec.enc} <./resources/cover-gan
esha.jpg>]) (./chapters/approval.tex
LaTeX Font Info:    Trying to load font information for OT1+lmr on input line 2
7.

(/usr/local/texlive/2024/texmf-dist/tex/latex/lm/ot1lmr.fd
File: ot1lmr.fd 2015/05/01 v1.6.1 Font defs for Latin Modern
)
LaTeX Font Info:    Trying to load font information for OML+lmm on input line 2
7.

(/usr/local/texlive/2024/texmf-dist/tex/latex/lm/omllmm.fd
File: omllmm.fd 2015/05/01 v1.6.1 Font defs for Latin Modern
)
LaTeX Font Info:    Trying to load font information for OMS+lmsy on input line 
27.

(/usr/local/texlive/2024/texmf-dist/tex/latex/lm/omslmsy.fd
File: omslmsy.fd 2015/05/01 v1.6.1 Font defs for Latin Modern
)
LaTeX Font Info:    Trying to load font information for OMX+lmex on input line 
27.

(/usr/local/texlive/2024/texmf-dist/tex/latex/lm/omxlmex.fd
File: omxlmex.fd 2015/05/01 v1.6.1 Font defs for Latin Modern
)
LaTeX Font Info:    External font `lmex10' loaded for size
(Font)              <12> on input line 27.
LaTeX Font Info:    External font `lmex10' loaded for size
(Font)              <8> on input line 27.
LaTeX Font Info:    External font `lmex10' loaded for size
(Font)              <6> on input line 27.
LaTeX Font Info:    Trying to load font information for U+msa on input line 27.


(/usr/local/texlive/2024/texmf-dist/tex/latex/amsfonts/umsa.fd
File: umsa.fd 2013/01/14 v3.01 AMS symbols A
)
LaTeX Font Info:    Trying to load font information for U+msb on input line 27.


(/usr/local/texlive/2024/texmf-dist/tex/latex/amsfonts/umsb.fd
File: umsb.fd 2013/01/14 v3.01 AMS symbols B
)

[1


]) (/home/jon/Coding/final-project-sti/build/thesis.toc
Overfull \hbox (6.18007pt too wide) in paragraph at lines 171--171
 \T1/lmr/m/it/12 Excha-nge Com-po-si-te Using Ma-cro-e-co-no-mic Va-ri-a-bles \
T1/lmr/m/n/12 ([][]Alam- 
 []



[2


{/usr/local/texlive/2024/texmf-dist/fonts/enc/dvips/lm/lm-mathit.enc}{/usr/loca
l/texlive/2024/texmf-dist/fonts/enc/dvips/lm/lm-rm.enc}])
\tf@toc=\write5
\openout5 = `thesis.toc'.



[3] (/home/jon/Coding/final-project-sti/build/thesis.lof
Overfull \hbox (4.62303pt too wide) detected at line 168
\T1/lmr/m/n/12 III.4.1 
 []


Overfull \hbox (4.62303pt too wide) detected at line 169
\T1/lmr/m/n/12 III.4.2 
 []


Overfull \hbox (4.62303pt too wide) detected at line 170
\T1/lmr/m/n/12 III.4.3 
 []


Overfull \hbox (4.62303pt too wide) detected at line 171
\T1/lmr/m/n/12 III.4.4 
 []


Overfull \hbox (4.62303pt too wide) detected at line 172
\T1/lmr/m/n/12 III.4.5 
 []


Overfull \hbox (4.62303pt too wide) detected at line 173
\T1/lmr/m/n/12 III.4.6 
 []


Overfull \hbox (4.62303pt too wide) detected at line 174
\T1/lmr/m/n/12 III.4.7 
 []

)
\tf@lof=\write6
\openout6 = `thesis.lof'.



[4

] (/home/jon/Coding/final-project-sti/build/thesis.lot
Overfull \hbox (4.62303pt too wide) detected at line 157
\T1/lmr/m/n/12 III.3.1 
 []


Overfull \hbox (4.62303pt too wide) detected at line 158
\T1/lmr/m/n/12 III.3.2 
 []


Overfull \hbox (4.62303pt too wide) detected at line 159
\T1/lmr/m/n/12 III.4.1 
 []


Overfull \hbox (4.62303pt too wide) detected at line 160
\T1/lmr/m/n/12 III.4.2 
 []


Overfull \hbox (4.62303pt too wide) detected at line 161
\T1/lmr/m/n/12 III.4.3 
 []

)
\tf@lot=\write7
\openout7 = `thesis.lot'.



[5

] (/home/jon/Coding/final-project-sti/build/thesis.loe)
\tf@loe=\write8
\openout8 = `thesis.loe'.


(./chapters/chapter-1.tex

[0

]
BAB I.
Package newfloat Info: Setting Plan B file extension to `lof'... on input line 
1.
<resources/chapter-1-1.1-capitalmarketinvestor.png, id=368, 770.88pt x 385.44pt
>
File: resources/chapter-1-1.1-capitalmarketinvestor.png Graphic file (type png)

<use resources/chapter-1-1.1-capitalmarketinvestor.png>
Package pdftex.def Info: resources/chapter-1-1.1-capitalmarketinvestor.png  use
d on input line 16.
(pdftex.def)             Requested size: 330.05322pt x 165.02432pt.


[1

]
<resources/chapter-1-1.1-numberofcompanies.png, id=377, 770.88pt x 385.44pt>
File: resources/chapter-1-1.1-numberofcompanies.png Graphic file (type png)
<use resources/chapter-1-1.1-numberofcompanies.png>
Package pdftex.def Info: resources/chapter-1-1.1-numberofcompanies.png  used on
 input line 23.
(pdftex.def)             Requested size: 330.05322pt x 165.02432pt.


[2 <./resources/chapter-1-1.1-capitalmarketinvestor.png> <./resources/chapter-1
-1.1-numberofcompanies.png>]

Package biblatex-chicago Warning: Empty Ibidem citation on input line 36.



[3]

[4]
Overfull \hbox (17.28052pt too wide) in paragraph at lines 73--74
[]\T1/lmr/m/n/12 Penelitian ini di-la-kuk-an meng-gu-nak-an \T1/lmr/m/it/12 de-
vi-ce \T1/lmr/m/n/12 Lap-top Le-no-vo Le-gion 5 15IMH05
 []



[5]
<resources/chapter-1-1.5-crispdm.png, id=438, 480.79625pt x 481.8pt>
File: resources/chapter-1-1.5-crispdm.png Graphic file (type png)
<use resources/chapter-1-1.5-crispdm.png>
Package pdftex.def Info: resources/chapter-1-1.5-crispdm.png  used on input lin
e 83.
(pdftex.def)             Requested size: 330.05322pt x 330.75146pt.


[6 <./resources/chapter-1-1.5-crispdm.png>]) (./chapters/chapter-2.tex

[7]
BAB II.

LaTeX Warning: Citation 'Neal2005' on page 8 undefined on input line 5.



[8

]

[9]

[10]

Package biblatex-chicago Warning: Empty Ibidem citation on input line 25.



[11]

[12]

[13]
<resources/chapter-2-biological-neuron.png, id=518, 523.9575pt x 451.6875pt>
File: resources/chapter-2-biological-neuron.png Graphic file (type png)
<use resources/chapter-2-biological-neuron.png>
Package pdftex.def Info: resources/chapter-2-biological-neuron.png  used on inp
ut line 51.
(pdftex.def)             Requested size: 206.28249pt x 177.82532pt.


[14 <./resources/chapter-2-biological-neuron.png>]
<resources/chapter-2-neural-network-graph.png, id=528, 853.1875pt x 499.8675pt>

File: resources/chapter-2-neural-network-graph.png Graphic file (type png)
<use resources/chapter-2-neural-network-graph.png>
Package pdftex.def Info: resources/chapter-2-neural-network-graph.png  used on 
input line 62.
(pdftex.def)             Requested size: 330.05322pt x 193.3763pt.


[15 <./resources/chapter-2-neural-network-graph.png>]
<resources/chapter-2-nonlinear-neuron.png, id=538, 369.38pt x 248.93pt>
File: resources/chapter-2-nonlinear-neuron.png Graphic file (type png)
<use resources/chapter-2-nonlinear-neuron.png>
Package pdftex.def Info: resources/chapter-2-nonlinear-neuron.png  used on inpu
t line 71.
(pdftex.def)             Requested size: 330.05322pt x 222.4282pt.
Package hyperref Info: bookmark level for unknown equationfloat defaults to 0 o
n input line 80.
<resources/chapter-2-non-linearity-data.png, id=543, 537.00626pt x 243.91125pt>

File: resources/chapter-2-non-linearity-data.png Graphic file (type png)
<use resources/chapter-2-non-linearity-data.png>
Package pdftex.def Info: resources/chapter-2-non-linearity-data.png  used on in
put line 103.
(pdftex.def)             Requested size: 330.05322pt x 149.91333pt.


[16{/usr/local/texlive/2024/texmf-dist/fonts/enc/dvips/lm/lm-mathex.enc}{/usr/l
ocal/texlive/2024/texmf-dist/fonts/enc/dvips/lm/lm-mathsy.enc} <./resources/cha
pter-2-nonlinear-neuron.png>]

[17 <./resources/chapter-2-non-linearity-data.png>]
<resources/chapter-2-recurrentNN.png, id=564, 1405.25pt x 515.9275pt>
File: resources/chapter-2-recurrentNN.png Graphic file (type png)
<use resources/chapter-2-recurrentNN.png>
Package pdftex.def Info: resources/chapter-2-recurrentNN.png  used on input lin
e 128.
(pdftex.def)             Requested size: 330.05322pt x 121.17212pt.


[18 <./resources/chapter-2-recurrentNN.png>]
LaTeX Font Info:    Trying to load font information for TS1+lmr on input line 1
61.

(/usr/local/texlive/2024/texmf-dist/tex/latex/lm/ts1lmr.fd
File: ts1lmr.fd 2015/05/01 v1.6.1 Font defs for Latin Modern
)

[19{/usr/local/texlive/2024/texmf-dist/fonts/enc/dvips/lm/lm-ts1.enc}]

[20]
<resources/chapter-2-lstm-cell.png, id=604, 806.89455pt x 303.17265pt>
File: resources/chapter-2-lstm-cell.png Graphic file (type png)
<use resources/chapter-2-lstm-cell.png>
Package pdftex.def Info: resources/chapter-2-lstm-cell.png  used on input line 
202.
(pdftex.def)             Requested size: 330.05322pt x 124.01015pt.


[21]

[22 <./resources/chapter-2-lstm-cell.png>]

[23]
Overfull \hbox (14.43921pt too wide) in paragraph at lines 304--305
[]\T1/lmr/m/it/12 Gated Re-cur-rent Unit (GRU) \T1/lmr/m/n/12 per-ta-ma ka-li d
i-per-ke-nalk-an oleh [][][][][]Cho et al. ([]2014[])[]
 []



[24]
<resources/chapter-2-architecture-GRU.png, id=641, 796.9775pt x 416.55624pt>
File: resources/chapter-2-architecture-GRU.png Graphic file (type png)
<use resources/chapter-2-architecture-GRU.png>
Package pdftex.def Info: resources/chapter-2-architecture-GRU.png  used on inpu
t line 308.
(pdftex.def)             Requested size: 330.05322pt x 172.50531pt.


[25 <./resources/chapter-2-architecture-GRU.png>]

[26]
<resources/chapter-2-transformer.png, id=659, 853.1875pt x 1256.695pt>
File: resources/chapter-2-transformer.png Graphic file (type png)
<use resources/chapter-2-transformer.png>
Package pdftex.def Info: resources/chapter-2-transformer.png  used on input lin
e 368.
(pdftex.def)             Requested size: 330.05322pt x 486.1589pt.


[27]
Overfull \hbox (2.16173pt too wide) in paragraph at lines 374--376
\T1/lmr/m/n/12 Meskipun Tran-sfor-mer ti-dak memp-ro-ses da-ta se-ca-ra ber-u-r
ut-an se-per-ti RNN,
 []



[28 <./resources/chapter-2-transformer.png>]

[29]

LaTeX Warning: Citation 'He2016resnet' on page 30 undefined on input line 420.


LaTeX Warning: Citation 'Ba2016layernorm' on page 30 undefined on input line 42
0.


Overfull \hbox (4.09166pt too wide) in paragraph at lines 420--421
\T1/lmr/m/it/12 con-ne-ction \T1/lmr/m/n/12 ([]) dan \T1/lmr/m/it/12 la-yer nor
-ma-li-za-tion \T1/lmr/m/n/12 ([]),
 []


Overfull \hbox (9.24144pt too wide) in paragraph at lines 442--443
[]\T1/lmr/bx/n/12 Cross-attention \T1/lmr/m/n/12 pa-da \T1/lmr/m/it/12 de-co-de
r \T1/lmr/m/n/12 yang meng-am-bil $\OT1/lmr/bx/n/12 H[]$ \T1/lmr/m/n/12 se-ba-g
ai $\OT1/lmr/m/n/12 (\OML/lmm/m/it/12 K; V\OT1/lmr/m/n/12 )$\T1/lmr/m/n/12 ,
 []



[30]

[31]

[32]

[33]
LaTeX Font Info:    External font `lmex10' loaded for size
(Font)              <14.4> on input line 563.
LaTeX Font Info:    External font `lmex10' loaded for size
(Font)              <10> on input line 563.
LaTeX Font Info:    External font `lmex10' loaded for size
(Font)              <7> on input line 563.


[34]

Package hyperref Warning: Token not allowed in a PDF string (Unicode):
(hyperref)                removing `\parencite' on input line 605.


Overfull \hbox (6.11945pt too wide) in paragraph at lines 608--609
\T1/lmr/m/n/12 Penelitian ini mem-ba-has pe-ne-rap-an \T1/lmr/m/it/12 Ar-ti-fi-
ci-al Ne-u-ral Ne-twork \T1/lmr/m/n/12 (ANN) un-tuk memp-
 []



[35]

Package hyperref Warning: Token not allowed in a PDF string (Unicode):
(hyperref)                removing `\parencite' on input line 612.



[36]) (./chapters/chapter-3.tex

[37]
BAB III.


[38

]

[39]

[40]

LaTeX Warning: Citation 'Breiman2001' on page 41 undefined on input line 61.


Underfull \hbox (badness 2547) in paragraph at lines 92--93
\T1/lmr/m/n/12 mu-dah di-in-terp-re-ta-si
 []


Underfull \hbox (badness 4595) in paragraph at lines 93--94
\T1/lmr/m/n/12 sio-ner dan \T1/lmr/m/it/12 se-a-so-nal
 []


Underfull \hbox (badness 3657) in paragraph at lines 97--98
[]\T1/lmr/m/n/12 Tidak efek-tif un-tuk
 []


Underfull \hbox (badness 3108) in paragraph at lines 98--99
[]\T1/lmr/m/n/12 Memerlukan di-fe-ren-
 []


Underfull \hbox (badness 10000) in paragraph at lines 102--102
[]|\T1/lmr/bx/n/12 Sequence-based
 []


Underfull \hbox (badness 10000) in paragraph at lines 105--106
[]\T1/lmr/m/n/12 Mampu me-na-nga-ni
 []


Underfull \hbox (badness 10000) in paragraph at lines 105--106
\T1/lmr/m/n/12 da-ta no-nli-ni-er dan
 []


Underfull \hbox (badness 10000) in paragraph at lines 106--107
[]\T1/lmr/m/n/12 Dapat me-ne-muk-an
 []


Underfull \hbox (badness 2035) in paragraph at lines 106--107
\T1/lmr/m/it/12 hi-dden pat-tern \T1/lmr/m/n/12 yang
 []


Underfull \hbox (badness 10000) in paragraph at lines 110--111
[]\T1/lmr/m/n/12 Membutuhkan \T1/lmr/m/it/12 fine-
 []


Underfull \hbox (badness 10000) in paragraph at lines 110--111
\T1/lmr/m/it/12 tuning hyper-pa-ra-me-
 []


Underfull \hbox (badness 7740) in paragraph at lines 111--112
[]\T1/lmr/m/n/12 Perlu sum-ber da-ya
 []


Underfull \hbox (badness 10000) in paragraph at lines 114--114
\T1/lmr/m/n/12 (Random Fo-rest,
 []


Underfull \hbox (badness 1158) in paragraph at lines 117--118
[]\T1/lmr/m/n/12 Performa sta-bil tan-
 []


Underfull \hbox (badness 3942) in paragraph at lines 117--118
\T1/lmr/m/n/12 pa me-mer-luk-an ba-
 []


Underfull \hbox (badness 6691) in paragraph at lines 118--119
[]\T1/lmr/m/n/12 Dapat me-nun-jukk-an
 []


Overfull \hbox (23.37358pt too wide) in paragraph at lines 86--127
[][] 
 []



[41]
Underfull \hbox (badness 4391) in paragraph at lines 134--134
[]|\T1/lmr/bx/n/12 Classical Qu-
 []


Underfull \hbox (badness 10000) in paragraph at lines 134--134
\T1/lmr/bx/n/12 an-ti-ta-ti-ve
 []


Underfull \hbox (badness 10000) in paragraph at lines 134--134
[]|\T1/lmr/bx/n/12 Sequence-
 []


Underfull \hbox (badness 8056) in paragraph at lines 134--134
\T1/lmr/bx/n/12 based Mo-de-
 []


Underfull \hbox (badness 10000) in paragraph at lines 134--134
\T1/lmr/bx/n/12 lling (RNN,
 []


Underfull \hbox (badness 6741) in paragraph at lines 134--134
[]|\T1/lmr/bx/n/12 Classical ML
 []


Underfull \hbox (badness 10000) in paragraph at lines 134--134
\T1/lmr/bx/n/12 (RF, XGBo-
 []


Underfull \hbox (badness 10000) in paragraph at lines 137--137
[]|\T1/lmr/bx/n/12 Kesederhanaan
 []


Underfull \hbox (badness 2951) in paragraph at lines 138--138
[]|\T1/lmr/bx/n/12 Waktu Im-ple-men-
 []


Underfull \hbox (badness 10000) in paragraph at lines 139--139
[]|\T1/lmr/bx/n/12 Performa Mo-del
 []


Overfull \hbox (7.3208pt too wide) in paragraph at lines 132--142
[][] 
 []



[42]
Overfull \hbox (51.82632pt too wide) in paragraph at lines 154--167
[][] 
 []



[43]
LaTeX Font Info:    Trying to load font information for T1+lmtt on input line 1
75.
 (/usr/local/texlive/2024/texmf-dist/tex/latex/lm/t1lmtt.fd
File: t1lmtt.fd 2015/05/01 v1.6.1 Font defs for Latin Modern
)

[44]
Overfull \hbox (23.37357pt too wide) in paragraph at lines 207--218
[][] 
 []


Overfull \hbox (26.68561pt too wide) in paragraph at lines 223--233
[][] 
 []


Overfull \hbox (52.21494pt too wide) in paragraph at lines 236--246
[][] 
 []



[45]
<resources/chapter-3-adj-close.png, id=802, 556.32843pt x 420.06938pt>
File: resources/chapter-3-adj-close.png Graphic file (type png)
<use resources/chapter-3-adj-close.png>
Package pdftex.def Info: resources/chapter-3-adj-close.png  used on input line 
258.
(pdftex.def)             Requested size: 330.05322pt x 249.21687pt.


[46]
<resources/chapter-3-distribution-close.png, id=807, 545.03625pt x 417.81094pt>

File: resources/chapter-3-distribution-close.png Graphic file (type png)
<use resources/chapter-3-distribution-close.png>
Package pdftex.def Info: resources/chapter-3-distribution-close.png  used on in
put line 265.
(pdftex.def)             Requested size: 330.05322pt x 253.0091pt.
<resources/chapter-3-distribution-high.png, id=808, 560.8453pt x 411.78844pt>
File: resources/chapter-3-distribution-high.png Graphic file (type png)
<use resources/chapter-3-distribution-high.png>
Package pdftex.def Info: resources/chapter-3-distribution-high.png  used on inp
ut line 272.
(pdftex.def)             Requested size: 330.05322pt x 242.33101pt.


[47 <./resources/chapter-3-adj-close.png (PNG copy)> <./resources/chapter-3-dis
tribution-close.png (PNG copy)>]
<resources/chapter-3-distribution-low.png, id=813, 532.99126pt x 432.11438pt>
File: resources/chapter-3-distribution-low.png Graphic file (type png)
<use resources/chapter-3-distribution-low.png>
Package pdftex.def Info: resources/chapter-3-distribution-low.png  used on inpu
t line 279.
(pdftex.def)             Requested size: 330.05322pt x 267.59164pt.
<resources/chapter-3-distribution-open.png, id=814, 567.62062pt x 416.30531pt>
File: resources/chapter-3-distribution-open.png Graphic file (type png)
<use resources/chapter-3-distribution-open.png>
Package pdftex.def Info: resources/chapter-3-distribution-open.png  used on inp
ut line 286.
(pdftex.def)             Requested size: 330.05322pt x 242.07341pt.


[48 <./resources/chapter-3-distribution-high.png (PNG copy)> <./resources/chapt
er-3-distribution-low.png (PNG copy)>]
<resources/chapter-3-volume.png, id=820, 584.1825pt x 420.06938pt>
File: resources/chapter-3-volume.png Graphic file (type png)
<use resources/chapter-3-volume.png>
Package pdftex.def Info: resources/chapter-3-volume.png  used on input line 293
.
(pdftex.def)             Requested size: 330.05322pt x 237.33965pt.


[49 <./resources/chapter-3-distribution-open.png (PNG copy)> <./resources/chapt
er-3-volume.png (PNG copy)>]
Overfull \hbox (3.62277pt too wide) in paragraph at lines 323--325
\T1/lmr/m/n/12 Pada ta-hap ini, ki-ta me-man-fa-atk-an pen-de-kat-an \T1/lmr/m/
it/12 Clas-si-cal Qu-an-ti-ta-ti-ve \T1/lmr/m/n/12 (ARI-
 []



[50]
<resources/chapter-3-diagram-flow.png, id=834, 767.11594pt x 691.83469pt>
File: resources/chapter-3-diagram-flow.png Graphic file (type png)
<use resources/chapter-3-diagram-flow.png>
Package pdftex.def Info: resources/chapter-3-diagram-flow.png  used on input li
ne 340.
(pdftex.def)             Requested size: 330.05322pt x 297.66257pt.


[51]) (./chapters/chapter-4.tex

[52 <./resources/chapter-3-diagram-flow.png (PNG copy)>]
BAB IV.


[53

])

[54]

[55

]

[56]

[57]

[58]

[59] (/home/jon/Coding/final-project-sti/build/thesis.aux)
 ***********
LaTeX2e <2024-11-01>
L3 programming layer <2024-11-02>
 ***********


LaTeX Warning: There were undefined references.


LaTeX Warning: There were multiply-defined labels.

Package rerunfilecheck Info: File `thesis.out' has not changed.
(rerunfilecheck)             Checksum: DB86DBAEB2126636405482F88DA87822;8094.

Package biblatex Warning: Please rerun LaTeX.

Package logreq Info: Writing requests to 'thesis.run.xml'.
\openout1 = `thesis.run.xml'.

 ) 
Here is how much of TeX's memory you used:
 24254 strings out of 473362
 437395 string characters out of 5720989
 1642761 words of memory out of 5000000
 46756 multiletter control sequences out of 15000+600000
 641381 words of font info for 89 fonts, out of 8000000 for 9000
 1141 hyphenation exceptions out of 8191
 89i,11n,98p,1549b,4401s stack positions out of 10000i,1000n,20000p,200000b,200000s
</usr/local/texlive/2024/texmf-dist/fonts/type1/public/lm/lmbx12.pfb></usr/lo
cal/texlive/2024/texmf-dist/fonts/type1/public/lm/lmbx8.pfb></usr/local/texlive
/2024/texmf-dist/fonts/type1/public/lm/lmbxi10.pfb></usr/local/texlive/2024/tex
mf-dist/fonts/type1/public/lm/lmcsc10.pfb></usr/local/texlive/2024/texmf-dist/f
onts/type1/public/lm/lmex10.pfb></usr/local/texlive/2024/texmf-dist/fonts/type1
/public/lm/lmmi12.pfb></usr/local/texlive/2024/texmf-dist/fonts/type1/public/lm
/lmmi6.pfb></usr/local/texlive/2024/texmf-dist/fonts/type1/public/lm/lmmi8.pfb>
</usr/local/texlive/2024/texmf-dist/fonts/type1/public/lm/lmr10.pfb></usr/local
/texlive/2024/texmf-dist/fonts/type1/public/lm/lmr12.pfb></usr/local/texlive/20
24/texmf-dist/fonts/type1/public/lm/lmr6.pfb></usr/local/texlive/2024/texmf-dis
t/fonts/type1/public/lm/lmr8.pfb></usr/local/texlive/2024/texmf-dist/fonts/type
1/public/lm/lmri12.pfb></usr/local/texlive/2024/texmf-dist/fonts/type1/public/l
m/lmsy10.pfb></usr/local/texlive/2024/texmf-dist/fonts/type1/public/lm/lmsy6.pf
b></usr/local/texlive/2024/texmf-dist/fonts/type1/public/lm/lmsy8.pfb></usr/loc
al/texlive/2024/texmf-dist/fonts/type1/public/lm/lmtt12.pfb></usr/local/texlive
/2024/texmf-dist/fonts/type1/public/amsfonts/symbols/msbm10.pfb>
Output written on /home/jon/Coding/final-project-sti/build/thesis.pdf (66 pages
, 1561903 bytes).
PDF statistics:
 1079 PDF objects out of 1200 (max. 8388607)
 929 compressed objects within 10 object streams
 272 named destinations out of 1000 (max. 500000)
 440 words of extra memory for PDF output out of 10000 (max. 10000000)

