\BOOKMARK [0][-]{chapter.1}{\376\377\000P\000e\000n\000d\000a\000h\000u\000l\000u\000a\000n}{}% 1
\BOOKMARK [1][-]{section.1.1}{\376\377\000L\000a\000t\000a\000r\000\040\000B\000e\000l\000a\000k\000a\000n\000g}{chapter.1}% 2
\BOOKMARK [1][-]{section.1.2}{\376\377\000R\000u\000m\000u\000s\000a\000n\000\040\000M\000a\000s\000a\000l\000a\000h}{chapter.1}% 3
\BOOKMARK [1][-]{section.1.3}{\376\377\000T\000u\000j\000u\000a\000n}{chapter.1}% 4
\BOOKMARK [1][-]{section.1.4}{\376\377\000B\000a\000t\000a\000s\000a\000n\000\040\000M\000a\000s\000a\000l\000a\000h}{chapter.1}% 5
\BOOKMARK [1][-]{section.1.5}{\376\377\000M\000e\000t\000o\000d\000o\000l\000o\000g\000i}{chapter.1}% 6
\BOOKMARK [0][-]{chapter.2}{\376\377\000T\000i\000n\000j\000a\000u\000a\000n\000\040\000P\000u\000s\000t\000a\000k\000a}{}% 7
\BOOKMARK [1][-]{section.2.1}{\376\377\000D\000a\000s\000a\000r\000\040\000T\000e\000o\000r\000i}{chapter.2}% 8
\BOOKMARK [2][-]{subsection.2.1.1}{\376\377\000S\000u\000b\000b\000a\000b}{section.2.1}% 9
\BOOKMARK [1][-]{section.2.2}{\376\377\000S\000t\000u\000d\000i\000\040\000T\000e\000r\000k\000a\000i\000t}{chapter.2}% 10
\BOOKMARK [0][-]{chapter.3}{\376\377\000A\000n\000a\000l\000i\000s\000i\000s\000\040\000d\000a\000n\000\040\000P\000e\000r\000a\000n\000c\000a\000n\000g\000a\000n}{}% 11
\BOOKMARK [1][-]{section.3.1}{\376\377\000A\000n\000a\000l\000i\000s\000i\000s\000\040\000M\000a\000s\000a\000l\000a\000h}{chapter.3}% 12
\BOOKMARK [1][-]{section.3.2}{\376\377\000S\000o\000l\000u\000s\000i\000\040\000U\000m\000u\000m}{chapter.3}% 13
\BOOKMARK [1][-]{section.3.3}{\376\377\000R\000a\000n\000c\000a\000n\000g\000a\000n\000\040\000S\000o\000l\000u\000s\000i}{chapter.3}% 14
\BOOKMARK [0][-]{chapter.4}{\376\377\000E\000v\000a\000l\000u\000a\000s\000i\000\040\000d\000a\000n\000\040\000P\000e\000m\000b\000a\000h\000a\000s\000a\000n}{}% 15
\BOOKMARK [1][-]{section.4.1}{\376\377\000T\000u\000j\000u\000a\000n\000\040\000P\000e\000n\000g\000u\000j\000i\000a\000n}{chapter.4}% 16
\BOOKMARK [1][-]{section.4.2}{\376\377\000S\000k\000e\000n\000a\000r\000i\000o\000\040\000P\000e\000n\000g\000u\000j\000i\000a\000n}{chapter.4}% 17
\BOOKMARK [1][-]{section.4.3}{\376\377\000H\000a\000s\000i\000l\000\040\000P\000e\000n\000g\000u\000j\000i\000a\000n}{chapter.4}% 18
\BOOKMARK [1][-]{section.4.4}{\376\377\000P\000e\000m\000b\000a\000h\000a\000s\000a\000n}{chapter.4}% 19
\BOOKMARK [0][-]{chapter.5}{\376\377\000P\000e\000n\000u\000t\000u\000p}{}% 20
\BOOKMARK [1][-]{section.5.1}{\376\377\000K\000e\000s\000i\000m\000p\000u\000l\000a\000n}{chapter.5}% 21
\BOOKMARK [1][-]{section.5.2}{\376\377\000S\000a\000r\000a\000n}{chapter.5}% 22
\BOOKMARK [-1][-]{chapter*.4}{\376\377\000L\000a\000m\000p\000i\000r\000a\000n}{}% 23
\BOOKMARK [0][-]{appendix.A}{\376\377\000I\000n\000s\000t\000r\000u\000m\000e\000n\000\040\000P\000e\000n\000g\000u\000j\000i\000a\000n}{chapter*.4}% 24
\BOOKMARK [0][-]{appendix.B}{\376\377\000R\000i\000n\000c\000i\000a\000n\000\040\000K\000a\000s\000u\000s\000\040\000U\000j\000i}{chapter*.4}% 25
